a
rep
rear
pier
per
peer
pear
ire
ipa
era
ere
erie
eire
eerie
ara
are
area
