a
ccbbaa
ccaabb
cba
cbba
cbabc
cbacbacba
cab
caab
caaabaaac
cabab
cabac
cabacabac
bba
baa
bab
babb
baaaaaaaaa
aa
ab
aba
abc
abba
abbc
abbba
abbbc
abbac
aaaa
aaaaa
aaaaaaaaaa
aaaaaaaaab
