wilson
vijay
tyler
toft
terrance
swamy
stevan
spy
siegurd
shai
sanjeev
rudy
robin
real
ram
pratt
phill
panos
norman
nelken
mott
mikael
matthieu
mario
malcolm
louis
lievaart
laurent
konstantinos
kerri
kaj
josh
jisheng
jeffrey
jan
ilya
hirofumi
harold
glynn
fred
erick
edmond
donnie
deborah
damon
clayton
charles
caleb
boyd
belinda
anton
amarth
aaron
