ear
earl
earle
early
earlship
earlock
earlish
earliness
earlike
earlet
earless
earldom
earlap
earjewel
earing
earhole
earful
earflower
eared
eardrum
eardrop
eardropper
earcockle
earcap
earbob
earache
eagre
eagle
eaglet
eaglewood
eagless
eaglestone
eaglelike
eager
eagerness
eagerly
each
do
dob
dobby
dobbin
dobbing
dobbed
dobber
doable
crab
cranky
crabwood
crabwise
crabweed
crabstick
crabsidle
crabmill
crabman
crablike
crablet
crabhole
crabeater
crabcatcher
crabby
crabbing
crabbed
crabber
crabbery
crabbedness
crabbedly
cozy
coyote
camera
cameral
cameraman
cameralism
cameralist
cameralistic
cameralistics
babe
babby
babble
babbly
babblish
babblishly
babbling
babblingly
babbler
babblesome
babblement
abdominal
abdomen
abdicate
abdicator
abdicative
abdication
abdicant
abdicable
abattoir
abase
abashment
abashless
abashlessly
abashed
abashedness
abashedly
abased
abaser
abasement
abasedness
abasedly
abandon
abandonment
abandoned
abandonee
abandoner
abandonedly
abandonable
abalone
aback
abacus
abacist
abaciscus
abacinate
abacination
aardwolf
aardvark
