a
zoogeographic
zaniah
yaya
xenobiosis
we
worrisomely
woadwaxen
windgalled
whistness
wewenoc
warlock
waer
vociferize
virent
vibroscope
vermiculose
vellicate
vaporer
vaalite
urinomancy
upset
unwilted
untyrannical
untended
unstringing
unsnaky
unsecurity
unridely
unredeemable
unprofit
unphilosophically
unoffset
unmingled
unlikeliness
unipersonalist
unimbroiled
unhazardousness
ungalvanized
unfibrous
unevitable
undust
undextrous
underply
underbottom
uncriticism
unconditionality
uncholeric
unbowel
unavenging
unalert
ultrasystematic
typographically
tusser
tumefaction
trusion
trochanterion
trinodine
trichromate
trellislike
transmarine
tradescantia
tottyhead
toothbrushy
tobaccoite
timorously
thyreosis
thow
theurgical
theohuman
teutomaniac
tertrinal
tenontoplasty
telephone
teachable
tarsometatarsal
tangency
tagliacozzian
syntonic
symphonious
sweetener
surmisedly
superstruct
superfluid
sundayfied
sulculate
subtread
subordination
subequally
suaveolent
strombolian
strangerdom
stockrider
sterilizable
stearolactone
stammer
squareness
sporochnus
spitpoison
sphincter
spectatordom
sovereigness
songworthy
solan
snobby
smeddum
slendang
skijorer
siphoneous
sillyhood
sicker
shoo
sheetwriting
shadrach
serrated
septemfid
semiseriously
semidry
selagite
seastroke
scrodgill
scoptophiliac
schoolless
scarabaeinae
saur
saprogenic
salvianin
saghavart
sabal
rudge
rosolic
rodman
rimosely
rhodomelaceous
revoker
retransformation
resquare
request
repandly
relishy
reheboth
refine
recurvirostra
reclamation
reassort
rattish
rami
racloir
quinnat
quantic
pyrophosphoric
putrescent
pumpkinish
pterygomaxillary
pseudospiracle
pseudepiscopacy
protopoetic
prosopopoeia
pronunciator
professionless
prober
prezone
presphenoidal
preparator
preinformation
prediplomacy
precoloring
preaccuse
potatory
postbursal
popify
polypodium
polyaxon
poephagus
pluralism
pleodont
plastid
pitside
pinguidity
piehouse
physiophilosophy
phototonic
phonographist
phidiac
phalangerine
perusal
peritricha
periclasite
penwright
pemican
pedal
patruity
pashm
parial
paralogia
papacy
pand
paleontologist
pagurine
oxybromide
overtask
overpreoccupation
overgrown
overconfident
outtravel
outflanking
osteosteatoma
orthopedics
organizationally
opisthotonic
onychium
olivewood
oenometer
ochlocratical
obituarize
nudist
norwestward
nonstriated
nonprojective
nonintrospectively
nonelementary
noncommunist
nominate
nihilism
neuropathic
neotropic
necrolatry
narrative
myxobacteriaceous
myelomeningitis
musci
multicylinder
mountainless
morgana
monospondylic
monitory
mograbi
missingly
misconceive
minasragrite
middleman
microbicide
metastome
mesore
merchanter
mellate
medizer
maxilliped
maskoid
marcionism
manganese
malayic
magicianship
macassar
lupine
loveflower
logographically
litigate
linje
ligamental
leucocrate
lemology
leadableness
lasarwort
lanciform
lactochrome
kuan
knighthead
kilneye
kemalism
kalang
judaeomancy
jezebelish
jan
isotonia
ischocholia
iridoparalysis
inurn
interxylary
internalness
intercombine
instillment
inobtainable
infranuclear
inermous
indeterminist
incomprehensive
inadequateness
impersuadableness
immaculately
idotea
iberia
hypogee
hypergrammatical
hydrotherapy
hydathode
hugoesque
horologist
homoiothermism
holethnic
hippogriff
hexane
hesperidium
hepatoperitonitis
hemianopic
helenium
headnote
harmless
hamamelidaceous
hackamatak
gurly
guahiban
grievedly
granulation
goriness
goddize
glossopyrosis
glacionatant
ghalva
geobiont
gear
garrulus
gallowsmaker
fust
fuchsite
fretter
fourling
foreview
forbiddal
flustrine
flintiness
flaccidly
finable
fibroadipose
feminal
fatheadedness
fake
explorativeness
exgorgitation
evoe
eunectes
estoppage
errorful
equant
epigeal
entreating
enomotarch
endorse
encage
emblemist
electrotherapeutic
eimer
ectoplasmatic
earlike
duodecahedron
dropsicalness
drachma
doper
dodecahedral
distortionist
dispeople
disenchain
disappreciate
dioeciously
diffuser
diasynthesis
dewless
despitefully
deringa
denitrificant
deludingly
deflagrator
decipherer
deaerate
dandy
cytoparaplastin
cyclopism
currawang
cuckoomaid
crownmaker
cribbing
craniologically
counterwarmth
couldron
corta
cordoba
convival
contemporize
connivent
condylure
compression
commenter
colodyspepsia
cogway
cockling
cnemidium
climactically
clammy
circlewise
chrystocrene
chorism
chloroaurite
chiefish
cheatable
champignon
certiorari
centralness
cavatina
cataphyllum
cartbote
cardiodynamics
capivi
cancelable
callithump
caecally
bu
buttonball
buna
brogue
breastful
brachypinacoidal
bostrychoid
bonasa
blunger
bleeze
biternately
biochemical
bicorne
betag
beparch
bellicism
beefer
beakermen
basilinna
barbiton
ballastage
bacteriolyze
azoformamide
auxoflore
autobasidium
attract
atap
assessed
ascellus
arrhizous
areologist
archcozener
approximative
apokreos
anxiety
antiphase
anticontagious
anthemion
annulet
anglicize
anchoritism
anachronically
amoyan
ambrosiate
alstonia
allelomorphism
alefnull
akala
agitatedly
affricate
advisably
adiactinic
actinomeric
acidyl
accordantly
absconder
