Matrix X
[     1     2     3 ]
[     4     5     6 ]
Matrix Y
[     1     2     3 ]
[     4     5     6 ]
Incompatible matries
Couldn't multiply X and Y
